// Jest Snapshot v1, https://goo.gl/fbAQLP

exports[`App renders without crashing 1`] = `
<div
  className="app"
>
  <form
    className="search"
    onSubmit={[Function]}
  >
    <input
      className="search-box"
      name="search"
      onChange={[Function]}
      placeholder="Searchâ€¦"
      type="search"
      value="puppy"
    />
  </form>
  <div
    className="slideshow"
  >
    <div
      className="viewer"
    >
      <div
        className="image"
      >
        <img
          alt=""
          src="https://farmundefined.staticflickr.com/undefined/undefined_undefined_c.jpg"
        />
        <div
          className="arrow arrow-left"
        >
          <a
            href=""
            onClick={[Function]}
          >
            &lt;
          </a>
        </div>
        <div
          className="arrow arrow-right"
        >
          <a
            href=""
            onClick={[Function]}
          >
            &gt;
          </a>
        </div>
      </div>
    </div>
    <div
      className="thumbnails"
    >
      <ul />
    </div>
  </div>
</div>
`;
