// Jest Snapshot v1, https://goo.gl/fbAQLP

exports[`Search renders without crashing 1`] = `
<form
  className="search"
  onSubmit={undefined}
>
  <input
    className="search-box"
    name="search"
    onChange={undefined}
    placeholder="Searchâ€¦"
    type="search"
    value={undefined}
  />
</form>
`;
